{
    "samples": [
        {
            "party": {
                "vkey": "be16e9244485db773c136410300b1a3fd2ee115845be4378de5dfe61ab69c967"
            },
            "snapshotNumber": 6,
            "tag": "ReqSn",
            "transactions": [
                {
                    "id": -23,
                    "inputs": [
                        -26,
                        -20,
                        -19,
                        -14,
                        -13,
                        -7,
                        -5,
                        -2,
                        1,
                        4,
                        8,
                        10,
                        12,
                        16,
                        18,
                        19,
                        20,
                        24,
                        27,
                        28,
                        30
                    ],
                    "outputs": [
                        -7,
                        14,
                        23
                    ]
                },
                {
                    "id": -20,
                    "inputs": [
                        -27,
                        -21,
                        -14,
                        -11,
                        -10,
                        -9,
                        13,
                        16,
                        17,
                        18,
                        21,
                        30
                    ],
                    "outputs": [
                        -27,
                        -23,
                        -21,
                        -19,
                        -14,
                        -12,
                        11,
                        13,
                        15,
                        18,
                        20,
                        21,
                        23,
                        24,
                        28
                    ]
                },
                {
                    "id": 21,
                    "inputs": [
                        -30,
                        -25,
                        -20,
                        -17,
                        -16,
                        -15,
                        -13,
                        -7,
                        -2,
                        0,
                        2,
                        5,
                        6,
                        7,
                        9,
                        11,
                        12,
                        15,
                        22,
                        28,
                        30
                    ],
                    "outputs": [
                        16,
                        21
                    ]
                }
            ]
        },
        {
            "party": {
                "vkey": "041a3b93c0a27de4d9a75ce616291db3e4fc5d3a4d0af4294a912e11ce8bff0b"
            },
            "snapshotNumber": 10,
            "tag": "ReqSn",
            "transactions": [
                {
                    "id": 11,
                    "inputs": [
                        -24,
                        -16,
                        -15,
                        -13,
                        -12,
                        -11,
                        -4,
                        -1,
                        0,
                        2,
                        3,
                        6,
                        8,
                        17,
                        19,
                        20,
                        26
                    ],
                    "outputs": [
                        -28
                    ]
                },
                {
                    "id": 9,
                    "inputs": [
                        -24,
                        -22,
                        -20,
                        -18,
                        -17,
                        -14,
                        -12,
                        -9,
                        -5,
                        -2,
                        2,
                        6,
                        9,
                        13,
                        18,
                        20,
                        24,
                        25,
                        28,
                        29,
                        30
                    ],
                    "outputs": []
                },
                {
                    "id": -22,
                    "inputs": [
                        -26,
                        -13,
                        -7,
                        -2,
                        3,
                        12,
                        17,
                        20
                    ],
                    "outputs": [
                        -25,
                        -21,
                        -17,
                        -14,
                        -8,
                        9,
                        14,
                        15
                    ]
                },
                {
                    "id": 6,
                    "inputs": [
                        -29,
                        -25,
                        -24,
                        -20,
                        -17,
                        -14,
                        -11,
                        0,
                        6,
                        7,
                        10,
                        11,
                        12,
                        15,
                        25,
                        30
                    ],
                    "outputs": [
                        11,
                        15,
                        18,
                        22,
                        24,
                        25
                    ]
                },
                {
                    "id": 28,
                    "inputs": [
                        -29,
                        -26,
                        -24,
                        -22,
                        -15,
                        13,
                        25,
                        27
                    ],
                    "outputs": [
                        -13,
                        -9,
                        -4,
                        -2,
                        16,
                        21
                    ]
                },
                {
                    "id": 12,
                    "inputs": [
                        -28,
                        -25,
                        -13,
                        -10,
                        -6,
                        16,
                        27
                    ],
                    "outputs": []
                },
                {
                    "id": -18,
                    "inputs": [
                        -28,
                        -23,
                        -22,
                        -9,
                        1,
                        9,
                        10,
                        12,
                        19,
                        23,
                        24,
                        27,
                        29
                    ],
                    "outputs": [
                        21
                    ]
                },
                {
                    "id": -19,
                    "inputs": [
                        -27,
                        2,
                        5
                    ],
                    "outputs": [
                        -21,
                        4,
                        8,
                        13,
                        28
                    ]
                },
                {
                    "id": -15,
                    "inputs": [
                        -26,
                        -25,
                        -19,
                        -10,
                        -8,
                        -7,
                        4,
                        6,
                        8,
                        10,
                        15,
                        17,
                        18,
                        21,
                        23,
                        28,
                        29
                    ],
                    "outputs": [
                        -26,
                        -18,
                        -14,
                        -2,
                        2,
                        5,
                        17,
                        21,
                        29
                    ]
                },
                {
                    "id": -28,
                    "inputs": [
                        -29,
                        -25,
                        -19,
                        -16,
                        -7,
                        -4,
                        3,
                        6,
                        12,
                        14,
                        16,
                        19,
                        23,
                        24,
                        26,
                        29
                    ],
                    "outputs": [
                        -30,
                        -28,
                        -27,
                        -25,
                        -23,
                        -17,
                        -16,
                        -15,
                        -13,
                        -6,
                        -5,
                        -3,
                        -1,
                        6,
                        8,
                        9,
                        10,
                        14,
                        18,
                        24
                    ]
                },
                {
                    "id": -9,
                    "inputs": [
                        -28,
                        -24,
                        -23,
                        -22,
                        -19,
                        -17,
                        -12,
                        -8,
                        -7,
                        -6,
                        -4,
                        -3,
                        2,
                        3,
                        8,
                        11,
                        13,
                        19,
                        22,
                        24,
                        29
                    ],
                    "outputs": [
                        -26,
                        -22,
                        -19,
                        -17,
                        -10,
                        -9,
                        -8,
                        -7,
                        -3,
                        2,
                        3,
                        8,
                        13,
                        14,
                        21,
                        26,
                        29,
                        30
                    ]
                },
                {
                    "id": 30,
                    "inputs": [
                        -23,
                        -14,
                        -10,
                        -9,
                        -5,
                        6,
                        10,
                        12,
                        17,
                        18,
                        21,
                        23,
                        24,
                        25,
                        26
                    ],
                    "outputs": [
                        -22,
                        -19,
                        -6,
                        11,
                        18
                    ]
                },
                {
                    "id": -12,
                    "inputs": [
                        -26,
                        -19,
                        -14,
                        -9,
                        0,
                        13,
                        16
                    ],
                    "outputs": [
                        -28,
                        24
                    ]
                },
                {
                    "id": 26,
                    "inputs": [
                        -30,
                        -26,
                        -25,
                        -23,
                        -21,
                        -19,
                        -15,
                        -14,
                        -13,
                        -11,
                        0,
                        4,
                        6,
                        8,
                        10,
                        11,
                        12,
                        13,
                        18,
                        29
                    ],
                    "outputs": [
                        -28,
                        -27,
                        -25,
                        -16,
                        -15,
                        -8,
                        -7,
                        -3,
                        5,
                        7,
                        15,
                        25,
                        28
                    ]
                },
                {
                    "id": -25,
                    "inputs": [
                        -23,
                        -22,
                        -16,
                        -7,
                        -5,
                        2,
                        5,
                        19,
                        23,
                        24,
                        26,
                        30
                    ],
                    "outputs": [
                        -27,
                        -24,
                        -16,
                        -6,
                        -1,
                        1,
                        2,
                        9,
                        10,
                        16,
                        24,
                        26
                    ]
                },
                {
                    "id": -27,
                    "inputs": [
                        -21,
                        -8,
                        -5,
                        -4,
                        19,
                        21,
                        29
                    ],
                    "outputs": [
                        -29,
                        -28,
                        -24,
                        -23,
                        -20,
                        -18,
                        -15,
                        -14,
                        -1,
                        0,
                        1,
                        5,
                        7,
                        9,
                        10,
                        11,
                        13,
                        18,
                        21,
                        30
                    ]
                },
                {
                    "id": -22,
                    "inputs": [
                        -30,
                        -28,
                        -24,
                        -22,
                        -21,
                        -20,
                        -18,
                        -12,
                        -11,
                        -10,
                        -6,
                        -4,
                        -2,
                        3,
                        10,
                        13,
                        17,
                        18,
                        20,
                        24,
                        26,
                        28,
                        30
                    ],
                    "outputs": [
                        -22,
                        -13,
                        -6,
                        -1,
                        2,
                        8
                    ]
                },
                {
                    "id": 23,
                    "inputs": [
                        21
                    ],
                    "outputs": [
                        -23,
                        -21,
                        -18,
                        -16,
                        -14,
                        -11,
                        -10,
                        -6,
                        -5,
                        -4,
                        -3,
                        4,
                        7,
                        14,
                        25
                    ]
                },
                {
                    "id": -22,
                    "inputs": [
                        -2,
                        4,
                        15,
                        17,
                        18
                    ],
                    "outputs": [
                        -30,
                        -22,
                        -13,
                        -11,
                        -10,
                        16,
                        27
                    ]
                },
                {
                    "id": -11,
                    "inputs": [
                        -28,
                        -19,
                        -17,
                        -11,
                        -8,
                        -1,
                        0,
                        2,
                        6,
                        8,
                        10,
                        12,
                        13,
                        14,
                        15,
                        20,
                        21,
                        22
                    ],
                    "outputs": [
                        -22,
                        -15,
                        -13,
                        -8,
                        -4,
                        0,
                        1,
                        2,
                        4,
                        6,
                        11,
                        12,
                        14,
                        16,
                        24,
                        30
                    ]
                },
                {
                    "id": -21,
                    "inputs": [
                        -6,
                        16,
                        18
                    ],
                    "outputs": [
                        -30,
                        -29,
                        -27,
                        -25,
                        -20,
                        -19,
                        -15,
                        -6,
                        -5,
                        1,
                        7,
                        8,
                        9,
                        14,
                        15,
                        17,
                        21,
                        23,
                        26,
                        28
                    ]
                },
                {
                    "id": -25,
                    "inputs": [
                        -27,
                        -18,
                        -15,
                        -14,
                        -11,
                        -3,
                        0,
                        2,
                        7,
                        9,
                        13,
                        29
                    ],
                    "outputs": [
                        3,
                        6
                    ]
                },
                {
                    "id": 26,
                    "inputs": [
                        -27,
                        -26,
                        -25,
                        -19,
                        -18,
                        -13,
                        -12,
                        -11,
                        -10,
                        -9,
                        -8,
                        -3,
                        -1,
                        0,
                        2,
                        4,
                        8,
                        9,
                        22,
                        23,
                        24,
                        26,
                        29
                    ],
                    "outputs": [
                        -28,
                        -26,
                        -25,
                        -13,
                        -5,
                        -4,
                        -3,
                        -1,
                        19,
                        21,
                        25,
                        26
                    ]
                },
                {
                    "id": -4,
                    "inputs": [
                        -30,
                        -29,
                        -24,
                        -18,
                        -15,
                        -11,
                        -5,
                        -4,
                        -3,
                        0,
                        7,
                        11,
                        25,
                        28
                    ],
                    "outputs": [
                        -29,
                        -28,
                        -19,
                        -17,
                        -16,
                        -15,
                        -14,
                        -13,
                        -11,
                        -10,
                        -6,
                        -3,
                        2,
                        6,
                        8,
                        18,
                        21,
                        24,
                        26,
                        27
                    ]
                },
                {
                    "id": 22,
                    "inputs": [
                        -26,
                        -24,
                        -22,
                        -15,
                        -13,
                        -9,
                        -5,
                        -4,
                        3,
                        12,
                        14,
                        16,
                        24
                    ],
                    "outputs": [
                        -30,
                        -27,
                        -22,
                        -14,
                        -8,
                        -2,
                        0,
                        2,
                        3,
                        14,
                        20,
                        23,
                        28,
                        29
                    ]
                },
                {
                    "id": -17,
                    "inputs": [
                        -27,
                        -24,
                        -22,
                        -18,
                        -15,
                        -9,
                        -8,
                        -7,
                        -3,
                        8,
                        12,
                        14,
                        19,
                        24,
                        25,
                        26,
                        28,
                        29
                    ],
                    "outputs": [
                        -19,
                        -5
                    ]
                },
                {
                    "id": -1,
                    "inputs": [
                        -10,
                        -2,
                        -1,
                        1,
                        7,
                        27
                    ],
                    "outputs": [
                        -27,
                        -25,
                        -13,
                        -11,
                        -6,
                        -3,
                        -2,
                        2,
                        4,
                        7,
                        18,
                        24,
                        27,
                        30
                    ]
                }
            ]
        },
        {
            "party": {
                "vkey": "9663811e72361f9ec5ed78529c9263e91d8a59cbd6e899752f89d29211583c05"
            },
            "tag": "ReqTx",
            "transaction": {
                "id": -15,
                "inputs": [
                    -30,
                    -29,
                    -12,
                    -10,
                    -6,
                    10,
                    13,
                    20
                ],
                "outputs": [
                    -28,
                    -15,
                    21,
                    27
                ]
            }
        },
        {
            "nodeId": "aefcpxbckfphzuyukurpnvgqtu",
            "tag": "Connected"
        },
        {
            "party": {
                "vkey": "c3e808e514e186f6d187e611f949bd33fcf172d59cf80c666ceaa97f1995c33d"
            },
            "signed": "0fab631ea716558b9c5a9417ea494d3739c62b5d14f0d47abb990be079a2232f4f24e09f3d3595c162adaafe7581bf1d5e385d12cf83625af765698cb032a305",
            "snapshotNumber": 15,
            "tag": "AckSn"
        }
    ],
    "seed": 1173652723
}